Complete src/ConstructorCompletion__Own.res 4:27
posCursor:[4:27] posNoWhite:[4:26] Found expr:[4:11->4:28]
Pexp_construct WithVariant
One:[4:11->4:26] [4:26->4:28]
Completable: Cexpression CTypeAtPos()->variantPayload::One($0)
Package opens Stdlib.place holder Pervasives.JsxModules.place holder
Resolved opens 1 Stdlib
ContextPath CTypeAtPos()
[]

