Complete src/ConstructorCompletion__Json.res 0:25
posCursor:[0:25] posNoWhite:[0:24] Found expr:[0:11->0:26]
Pexp_construct Js
Json
Array:[0:11->0:24] [0:24->0:26]
Completable: Cexpression CTypeAtPos()->variantPayload::Array($0)
Package opens Stdlib.place holder Pervasives.JsxModules.place holder
Resolved opens 1 Stdlib
ContextPath CTypeAtPos()
[]

