let wizard = Wizard.make(
  ~spriteSheet=wizard,
  ~hp=999999999999999,
  ~mp=50,
  ~coordinates=//~coordinates={x: 0., y:0. z: 0.},
  {x: 40, y: 100., z: 0.},
  ~gpuCoordinates=/* c0 */ /* c1 */ gpuBuffer[10] /* c2 */, // trailing
)

apply(
  ~aaaaaaaaaaaaaaaaaaaaaaaaaaaaaaa,
  ~bbbbbbbbbbbbbbbbbbbbbbbbbbbbbbbb,
  ~cccccccccccccccccccccccccccccccc,
)

applyOptional(
  ~aaaaaaaaaaaaaaaaaaaaaaaaaaaaaaa?,
  ~bbbbbbbbbbbbbbbbbbbbbbbbbbbbbbbb?,
  ~cccccccccccccccccccccccccccccccc?,
)

foo(
  ~aaaaaaaaaaaaaaaaaaaaaaaaaaaaaa: int,
  ~bbbbbbbbbbbbbbbbbbbbbbbbbbbbbb: int,
  ~cccccccccccccccccccccccccccccc: int,
)

let f = (
  ~isItemActive=?,
  ~headers: array<(string, string)>,
  ~moduleName: string,
  ~x,
  ~d: /* c1 */ e,
  ~from as // does it work
  hometown,
) => {
  let a = 1
  let b = 2
  a + b
}

@react.component
let make = (
  ~theme: ColorTheme.t,
  ~components: Mdx.Components.t,
  ~sidebarState: (bool, (bool => bool) => unit),
  ~sidebar: React.element,
  ~breadcrumbs: option<list<UrlPath.breadcrumb>>=?,
  ~children,
) => {
  ()
}
