
Hover src/EnhanceHover.res 1:4
{"contents": {"kind": "markdown", "value": "```rescript\narray<int>\n```"}}

Hover src/EnhanceHover.res 4:15
{"contents": {"kind": "markdown", "value": "```rescript\narray<int>\n```"}}

Hover src/EnhanceHover.res 7:17
{"contents": {"kind": "markdown", "value": "```rescript\nint\n```"}}

