Hover src/Hover.res 0:4
{"contents": {"kind": "markdown", "value": "```rescript\nint\n```"}}

Hover src/Hover.res 3:5
{"contents": {"kind": "markdown", "value": "```rescript\ntype t = (int, float)\n```"}}

Hover src/Hover.res 6:7
{"contents": {"kind": "markdown", "value": "```rescript\nmodule Id: {\n  type x = int\n}\n```"}}

Hover src/Hover.res 19:11
{"contents": {"kind": "markdown", "value": "\nThis module is commented\n```rescript\nmodule Dep: {\n  let customDouble: int => int\n}\n```"}}

Hover src/Hover.res 22:11
{"contents": {"kind": "markdown", "value": "```rescript\nint => int\n```\n---\nSome doc comment"}}

Hover src/Hover.res 26:6
getLocItem #8: heuristic for JSX with at most one child
heuristic for: [makeProps, make, createElement], give the loc of `make` 
{"contents": {"kind": "markdown", "value": "```rescript\nint\n```"}}

Hover src/Hover.res 33:4
{"contents": {"kind": "markdown", "value": "```rescript\nunit => int\n```"}}

Hover src/Hover.res 37:13
{"contents": {"kind": "markdown", "value": "```rescript\nstring\n```"}}

Hover src/Hover.res 42:15
{"contents": {"kind": "markdown", "value": "```rescript\nstring\n```"}}

Hover src/Hover.res 46:10
{"contents": {"kind": "markdown", "value": "```rescript\nint\n```"}}

Hover src/Hover.res 49:13
{"contents": {"kind": "markdown", "value": "```rescript\nmodule type Logger = {\n  let log: string => unit\n}\n```"}}

Hover src/Hover.res 54:7
{"contents": {"kind": "markdown", "value": "```rescript\nmodule type Logger = {\n  let log: string => unit\n}\n```"}}

Definition src/Hover.res 60:14
{"uri": "Hover.res", "range": {"start": {"line": 49, "character": 12}, "end": {"line": 49, "character": 18}}}

Hover src/Hover.res 63:9
{"contents": {"kind": "markdown", "value": "```rescript\nmodule IdDefinedTwice: {\n  let y: int\n  let _x: int\n}\n```"}}

Hover src/Hover.res 74:7
{"contents": {"kind": "markdown", "value": "```rescript\nmodule A: {\n  let x: int\n}\n```"}}

Hover src/Hover.res 77:7
{"contents": {"kind": "markdown", "value": "```rescript\nmodule A: {\n  let x: int\n}\n```"}}

Hover src/Hover.res 91:10
null

Hover src/Hover.res 98:10
{"contents": {"kind": "markdown", "value": "```rescript\nReact.element\n```"}}

Hover src/Hover.res 103:25
{"contents": {"kind": "markdown", "value": "```rescript\nfloat\n```"}}

Hover src/Hover.res 106:21
{"contents": {"kind": "markdown", "value": "```rescript\nint\n```"}}

Hover src/Hover.res 116:16
{"contents": {"kind": "markdown", "value": "```rescript\nAA.cond<([< #str(string)] as 'a)> => AA.cond<'a>\n```\n\n---\n\n```\n \n```\n```rescript\ntype AA.cond<'a> = 'a\n  constraint 'a = [< #str(string)]\n```\nGo to: [Type definition](command:rescript-vscode.go_to_location?%5B%22Hover.res%22%2C110%2C2%5D)\n"}}

Hover src/Hover.res 119:25
{"contents": {"kind": "markdown", "value": "```rescript\nAA.cond<([< #str(string)] as 'a)> => AA.cond<'a>\n```\n\n---\n\n```\n \n```\n```rescript\ntype AA.cond<'a> = 'a\n  constraint 'a = [< #str(string)]\n```\nGo to: [Type definition](command:rescript-vscode.go_to_location?%5B%22Hover.res%22%2C110%2C2%5D)\n"}}

Hover src/Hover.res 122:3
null

Hover src/Hover.res 125:4
{"contents": {"kind": "markdown", "value": "```rescript\nunit => unit => int\n```"}}

Hover src/Hover.res 131:4
{"contents": {"kind": "markdown", "value": "```rescript\n(unit, unit) => int\n```"}}

Hover src/Hover.res 134:4
{"contents": {"kind": "markdown", "value": "```rescript\n(unit, unit) => int\n```"}}

Hover src/Hover.res 137:5
{"contents": {"kind": "markdown", "value": "```rescript\nunit => unit => int\n```"}}

Hover src/Hover.res 144:9
{"contents": {"kind": "markdown", "value": "```rescript\nint\n```\n---\ndoc comment 1"}}

Hover src/Hover.res 148:6
{"contents": {"kind": "markdown", "value": "```rescript\nint\n```\n---\n doc comment 2 "}}

Hover src/Hover.res 165:23
{"contents": {"kind": "markdown", "value": "```rescript\nfoo<bar>\n```\n\n---\n\n```\n \n```\n```rescript\ntype foo<'a> = {content: 'a, zzz: string}\n```\nGo to: [Type definition](command:rescript-vscode.go_to_location?%5B%22Hover.res%22%2C161%2C2%5D)\n\n\n---\n\n```\n \n```\n```rescript\ntype bar = {age: int}\n```\nGo to: [Type definition](command:rescript-vscode.go_to_location?%5B%22Hover.res%22%2C162%2C2%5D)\n"}}

Hover src/Hover.res 167:22
{"contents": {"kind": "markdown", "value": "```rescript\nfoobar\n```\n\n---\n\n```\n \n```\n```rescript\ntype foobar = foo<bar>\n```\nGo to: [Type definition](command:rescript-vscode.go_to_location?%5B%22Hover.res%22%2C163%2C2%5D)\n"}}

Complete src/Hover.res 170:16
posCursor:[170:16] posNoWhite:[170:15] Found expr:[170:5->170:16]
Pexp_field [170:5->170:15] _:[176:2->170:16]
Completable: Cpath Value[x1].content.""
Package opens Stdlib.place holder Pervasives.JsxModules.place holder
Resolved opens 1 Stdlib
ContextPath Value[x1].content.""
ContextPath Value[x1].content
ContextPath Value[x1]
Path x1
ContextPath Value[x1]->content
ContextPath Value[x1]
Path x1
CPPipe pathFromEnv: found:true
Path Hover.content
ContextPath Value[x1].content->
ContextPath Value[x1].content
ContextPath Value[x1]
Path x1
ContextPath Value[x1]->content
ContextPath Value[x1]
Path x1
CPPipe pathFromEnv: found:true
Path Hover.content
CPPipe pathFromEnv: found:true
Path Hover.
[{
    "label": "age",
    "kind": 5,
    "tags": [],
    "detail": "int",
    "documentation": {"kind": "markdown", "value": "```rescript\nage: int\n```\n\n```rescript\ntype bar = {age: int}\n```"}
  }]

Complete src/Hover.res 173:16
posCursor:[173:16] posNoWhite:[173:15] Found expr:[173:5->173:16]
Pexp_field [173:5->173:15] _:[176:2->173:16]
Completable: Cpath Value[x2].content.""
Package opens Stdlib.place holder Pervasives.JsxModules.place holder
Resolved opens 1 Stdlib
ContextPath Value[x2].content.""
ContextPath Value[x2].content
ContextPath Value[x2]
Path x2
ContextPath Value[x2]->content
ContextPath Value[x2]
Path x2
CPPipe pathFromEnv: found:true
Path Hover.content
ContextPath Value[x2].content->
ContextPath Value[x2].content
ContextPath Value[x2]
Path x2
ContextPath Value[x2]->content
ContextPath Value[x2]
Path x2
CPPipe pathFromEnv: found:true
Path Hover.content
CPPipe pathFromEnv: found:true
Path Hover.
[{
    "label": "age",
    "kind": 5,
    "tags": [],
    "detail": "int",
    "documentation": {"kind": "markdown", "value": "```rescript\nage: int\n```\n\n```rescript\ntype bar = {age: int}\n```"}
  }]

Complete src/Hover.res 182:16
posCursor:[182:16] posNoWhite:[182:15] Found expr:[182:5->182:16]
Pexp_field [182:5->182:15] _:[187:0->182:16]
Completable: Cpath Value[y1].content.""
Package opens Stdlib.place holder Pervasives.JsxModules.place holder
Resolved opens 1 Stdlib
ContextPath Value[y1].content.""
ContextPath Value[y1].content
ContextPath Value[y1]
Path y1
ContextPath Value[y1]->content
ContextPath Value[y1]
Path y1
CPPipe pathFromEnv: found:true
Path Hover.content
ContextPath Value[y1].content->
ContextPath Value[y1].content
ContextPath Value[y1]
Path y1
ContextPath Value[y1]->content
ContextPath Value[y1]
Path y1
CPPipe pathFromEnv: found:true
Path Hover.content
CPPipe pathFromEnv: found:true
Path Hover.
[{
    "label": "age",
    "kind": 5,
    "tags": [],
    "detail": "int",
    "documentation": {"kind": "markdown", "value": "```rescript\nage: int\n```\n\n```rescript\ntype bar = {age: int}\n```"}
  }]

Complete src/Hover.res 185:16
posCursor:[185:16] posNoWhite:[185:15] Found expr:[185:5->185:16]
Pexp_field [185:5->185:15] _:[187:0->185:16]
Completable: Cpath Value[y2].content.""
Package opens Stdlib.place holder Pervasives.JsxModules.place holder
Resolved opens 1 Stdlib
ContextPath Value[y2].content.""
ContextPath Value[y2].content
ContextPath Value[y2]
Path y2
ContextPath Value[y2]->content
ContextPath Value[y2]
Path y2
CPPipe pathFromEnv: found:true
Path Hover.content
ContextPath Value[y2].content->
ContextPath Value[y2].content
ContextPath Value[y2]
Path y2
ContextPath Value[y2]->content
ContextPath Value[y2]
Path y2
CPPipe pathFromEnv: found:true
Path Hover.content
CPPipe pathFromEnv: found:true
Path Hover.
[{
    "label": "age",
    "kind": 5,
    "tags": [],
    "detail": "int",
    "documentation": {"kind": "markdown", "value": "```rescript\nage: int\n```\n\n```rescript\ntype bar = {age: int}\n```"}
  }]

Hover src/Hover.res 197:4
{"contents": {"kind": "markdown", "value": "```rescript\nCompV4.props<int, string> => React.element\n```\n\n---\n\n```\n \n```\n```rescript\ntype CompV4.props<'n, 's> = {n?: 'n, s: 's}\n```\nGo to: [Type definition](command:rescript-vscode.go_to_location?%5B%22Hover.res%22%2C190%2C2%5D)\n\n\n---\n\n```\n \n```\n```rescript\ntype React.element = Jsx.element\n```\nGo to: [Type definition](command:rescript-vscode.go_to_location?%5B%22React.res%22%2C0%2C0%5D)\n"}}

Hover src/Hover.res 202:16
{"contents": {"kind": "markdown", "value": "```rescript\nuseR\n```"}}

Hover src/Hover.res 210:13
null

Hover src/Hover.res 230:20
{"contents": {"kind": "markdown", "value": "```rescript\nint\n```\n---\n More Stuff "}}

Hover src/Hover.res 233:17
{"contents": {"kind": "markdown", "value": "```rescript\nint\n```\n---\n More Stuff "}}

Hover src/Hover.res 245:6
null

Hover src/Hover.res 248:19
{"contents": {"kind": "markdown", "value": "```rescript\nbool\n```\n---\n Mighty fine field here. "}}

Hover src/Hover.res 253:20
{"contents": {"kind": "markdown", "value": "```rescript\nvariant\n```\n\n---\n\n```\n \n```\n```rescript\ntype variant = CoolVariant | OtherCoolVariant\n```\nGo to: [Type definition](command:rescript-vscode.go_to_location?%5B%22Hover.res%22%2C251%2C0%5D)\n\n---\n```rescript\nCoolVariant\n```\n---\n Cool variant! "}}

Hover src/Hover.res 257:23
null

Hover src/Hover.res 260:33
null

Hover src/Hover.res 263:8
{"contents": {"kind": "markdown", "value": "\n [`Belt.Array`]()\n\n  **mutable array**: Utilities functions\n\n```rescript\nmodule Array: {\n  module Id\n  module Array\n  module SortArray\n  module MutableQueue\n  module MutableStack\n  module List\n  module Range\n  module Set\n  module Map\n  module MutableSet\n  module MutableMap\n  module HashSet\n  module HashMap\n  module Option\n  module Result\n  module Int\n  module Float\n}\n```"}}

Hover src/Hover.res 266:6
{"contents": {"kind": "markdown", "value": "```rescript\ntype aliased = variant\n```\n\n---\n\n```\n \n```\n```rescript\ntype variant = CoolVariant | OtherCoolVariant\n```\nGo to: [Type definition](command:rescript-vscode.go_to_location?%5B%22Hover.res%22%2C251%2C0%5D)\n"}}

