Hover src/NestedRecords.res 17:5
null

Hover src/NestedRecords.res 20:13
null

Hover src/NestedRecords.res 23:26
null

Hover src/NestedRecords.res 26:29
null

