Complete /Users/nojaf/Projects/rescript/tests/analysis_new_tests/tests/test_files/.build/SwitchCaseCompletions_2.res 2:4
Found Completable: Cpattern

1 + // Empty case, record
2 + let x = switch TestTypeDefs.nestedTestRecord {
                   -----------------------------  
3 +   | 
4 + //  ^com
5 + }

[{
    "label": "{}",
    "kind": 12,
    "tags": [],
    "detail": "TestTypeDefs.nestedTestRecord",
    "documentation": {"kind": "markdown", "value": "```rescript\ntype nestedTestRecord = {\n  test: bool,\n  nested: {name: string, oneMoreLevel: {here: bool}},\n}\n```"},
    "sortText": "A",
    "insertText": "{$0}",
    "insertTextFormat": 2
  }]

