Found Completable: Cpattern

1 + // Empty case, array
2 + let someStringArr = ["hello"]
3 + 
4 + let x = switch someStringArr {
                   -------------  
5 +   | 
6 + //  ^com
7 + }

[{
    "label": "[]",
    "kind": 12,
    "tags": [],
    "detail": "array<string>",
    "documentation": null,
    "sortText": "A",
    "insertText": "[$0]",
    "insertTextFormat": 2
  }]

